ASxxxx Linker V03.00 + NoICE + sdld,  page 1.
Hexadecimal  [32-Bits]

Area                                    Addr        Size        Decimal Bytes (Attributes)
--------------------------------        ----        ----        ------- ----- ------------
.  .ABS.                            00000000    00000000 =           0. bytes (ABS,CON)

      Value  Global                              Global Defined In Module
      -----  --------------------------------   ------------------------
     00000000  .__.ABS.                           
     00000000  l_CABS                          
     00000000  l_DABS                          
     00000000  l_INITIALIZED                   
     00000000  l_INITIALIZER                   
     00000000  l__CODE                         
     00000000  s_CABS                          
     00000000  s_DABS                          
     00000000  s__CODE                         
     00000001  l_SSEG                          
     00000001  s_DATA                          
     00000003  l_GSFINAL                       
     0000000F  l_DATA                          
     00000010  s_INITIALIZED                   
     00000010  s_SSEG                          
     0000001A  l_GSINIT                        
     00000083  l_HOME                          
     00000722  l_CODE                          
     00008000  s_HOME                          
     00008083  s_GSINIT                        
     0000809D  s_GSFINAL                       
     000080A0  s_CODE                          
     000087C2  s_INITIALIZER                   

ASxxxx Linker V03.00 + NoICE + sdld,  page 2.
Hexadecimal  [32-Bits]

Area                                    Addr        Size        Decimal Bytes (Attributes)
--------------------------------        ----        ----        ------- ----- ------------
DATA                                00000001    0000000F =          15. bytes (REL,CON)

      Value  Global                              Global Defined In Module
      -----  --------------------------------   ------------------------
     00000001  _tick                              main
     00000007  _timeGet                           timerTick
     00000009  _timeBack                          timerTick
     0000000B  _timeTickMs                        timerTick
     0000000F  _timeTickUs                        timerTick

ASxxxx Linker V03.00 + NoICE + sdld,  page 3.
Hexadecimal  [32-Bits]

Area                                    Addr        Size        Decimal Bytes (Attributes)
--------------------------------        ----        ----        ------- ----- ------------
SSEG                                00000010    00000001 =           1. bytes (REL,CON)

      Value  Global                              Global Defined In Module
      -----  --------------------------------   ------------------------
ASxxxx Linker V03.00 + NoICE + sdld,  page 4.
Hexadecimal  [32-Bits]

Area                                    Addr        Size        Decimal Bytes (Attributes)
--------------------------------        ----        ----        ------- ----- ------------
HOME                                00008000    00000083 =         131. bytes (REL,CON)

      Value  Global                              Global Defined In Module
      -----  --------------------------------   ------------------------
ASxxxx Linker V03.00 + NoICE + sdld,  page 5.
Hexadecimal  [32-Bits]

Area                                    Addr        Size        Decimal Bytes (Attributes)
--------------------------------        ----        ----        ------- ----- ------------
GSINIT                              00008083    0000001A =          26. bytes (REL,CON)

      Value  Global                              Global Defined In Module
      -----  --------------------------------   ------------------------
ASxxxx Linker V03.00 + NoICE + sdld,  page 6.
Hexadecimal  [32-Bits]

Area                                    Addr        Size        Decimal Bytes (Attributes)
--------------------------------        ----        ----        ------- ----- ------------
GSFINAL                             0000809D    00000003 =           3. bytes (REL,CON)

      Value  Global                              Global Defined In Module
      -----  --------------------------------   ------------------------
ASxxxx Linker V03.00 + NoICE + sdld,  page 7.
Hexadecimal  [32-Bits]

Area                                    Addr        Size        Decimal Bytes (Attributes)
--------------------------------        ----        ----        ------- ----- ------------
CODE                                000080A0    00000722 =        1826. bytes (REL,CON)

      Value  Global                              Global Defined In Module
      -----  --------------------------------   ------------------------
     000080A0  _clock_setup                       main
     00008110  _TIM4_UPD_OVF_IRQHandler           main
     0000811B  _delay                             main
     00008127  _delay_ms                          main
     0000813F  _main                              main
     0000817C  _TIMER_Init                        timerTick
     000081AF  _TIMER_Inc                         timerTick
     000081DB  _TIMER_InitTime                    timerTick
     000081EB  _TIMER_CheckTimeUS                 timerTick
     00008232  _TIMER_CheckTimeMS                 timerTick
     000082A8  _CLK_DeInit                        stm8s_clk
     000082E0  _CLK_FastHaltWakeUpCmd             stm8s_clk
     000082F4  _CLK_HSECmd                        stm8s_clk
     00008302  _CLK_HSICmd                        stm8s_clk
     00008310  _CLK_LSICmd                        stm8s_clk
     00008324  _CLK_CCOCmd                        stm8s_clk
     00008332  _CLK_ClockSwitchCmd                stm8s_clk
     00008346  _CLK_SlowActiveHaltWakeUpCmd       stm8s_clk
     0000835A  _CLK_PeripheralClockConfig         stm8s_clk
     000083B0  _CLK_ClockSwitchConfig             stm8s_clk
     00008475  _CLK_HSIPrescalerConfig            stm8s_clk
     00008487  _CLK_CCOConfig                     stm8s_clk
     0000849D  _CLK_ITConfig                      stm8s_clk
     000084EC  _CLK_SYSCLKConfig                  stm8s_clk
     00008523  _CLK_SWIMConfig                    stm8s_clk
     00008531  _CLK_ClockSecuritySystemEnable     stm8s_clk
     00008536  _CLK_GetSYSCLKSource               stm8s_clk
     0000853B  _CLK_GetClockFreq                  stm8s_clk
     00008594  _CLK_AdjustHSICalibrationValue     stm8s_clk
     000085A1  _CLK_SYSCLKEmergencyClear          stm8s_clk
     000085A6  _CLK_GetFlagStatus                 stm8s_clk
     000085EE  _CLK_GetITStatus                   stm8s_clk
     00008612  _CLK_ClearITPendingBit             stm8s_clk
     00008628  _HSIDivFactor                      stm8s_clk
     0000862C  _CLKPrescTable                     stm8s_clk
     00008634  _GPIO_Init                         stm8s_gpio
     000086C2  _GPIO_Write                        stm8s_gpio
     000086C8  _GPIO_WriteHigh                    stm8s_gpio
     000086CF  _GPIO_WriteLow                     stm8s_gpio
     000086DD  _GPIO_WriteReverse                 stm8s_gpio
     000086E4  _GPIO_ReadOutputData               stm8s_gpio
     000086E8  _GPIO_ReadInputData                stm8s_gpio
     000086ED  _GPIO_ReadInputPin                 stm8s_gpio
     000086F4  _GPIO_ExternalPullUpConfig         stm8s_gpio
     0000870F  _TIM4_DeInit                       stm8s_tim4
     00008728  _TIM4_TimeBaseInit                 stm8s_tim4
     00008735  _TIM4_Cmd                          stm8s_tim4
     0000873A  _TIM4_ITConfig                     stm8s_tim4
     00008745  _TIM4_GetCounter                   stm8s_tim4
     0000874A  _TIM4_GetFlagStatus                stm8s_tim4
ASxxxx Linker V03.00 + NoICE + sdld,  page 8.
Hexadecimal  [32-Bits]

Area                                    Addr        Size        Decimal Bytes (Attributes)
--------------------------------        ----        ----        ------- ----- ------------
CODE                                000080A0    00000722 =        1826. bytes (REL,CON)

      Value  Global                              Global Defined In Module
      -----  --------------------------------   ------------------------
     00008758  _TIM4_ClearFlag                    stm8s_tim4
     00008760  _TIM4_ClearITPendingBit            stm8s_tim4
     00008768  __divulong                         

ASxxxx Linker V03.00 + NoICE + sdld,  page 9.

Files Linked                              [ module(s) ]

build/user/main.rel                       [ main ]
build/user/timerTick.rel                  [ timerTick ]
build/lib/stm8s_clk.rel                   [ stm8s_clk ]
build/lib/stm8s_gpio.rel                  [ stm8s_gpio ]
build/lib/stm8s_tim4.rel                  [ stm8s_tim4 ]


Libraries Linked                          [ object file ]

/usr/local/bin/../share/sdcc/lib/stm8/stm8.lib
                                          [ _divulong.rel ]

ASxxxx Linker V03.00 + NoICE + sdld,  page 10.

User Base Address Definitions

HOME = 0x8000
DATA = 0x0001

