ASxxxx Linker V03.00 + NoICE + sdld,  page 1.
Hexadecimal  [32-Bits]

Area                                    Addr        Size        Decimal Bytes (Attributes)
--------------------------------        ----        ----        ------- ----- ------------
.  .ABS.                            00000000    00000000 =           0. bytes (ABS,CON)

      Value  Global                              Global Defined In Module
      -----  --------------------------------   ------------------------
     00000000  .__.ABS.                           
     00000000  l_CABS                          
     00000000  l_DABS                          
     00000000  l_INITIALIZED                   
     00000000  l_INITIALIZER                   
     00000000  l__CODE                         
     00000000  s_CABS                          
     00000000  s_DABS                          
     00000000  s__CODE                         
     00000001  l_SSEG                          
     00000001  s_DATA                          
     00000003  l_GSFINAL                       
     0000000F  l_DATA                          
     00000010  s_INITIALIZED                   
     00000010  s_SSEG                          
     0000001A  l_GSINIT                        
     00000083  l_HOME                          
     000006D7  l_CODE                          
     00008000  s_HOME                          
     00008083  s_GSINIT                        
     0000809D  s_GSFINAL                       
     000080A0  s_CODE                          
     00008777  s_INITIALIZER                   

ASxxxx Linker V03.00 + NoICE + sdld,  page 2.
Hexadecimal  [32-Bits]

Area                                    Addr        Size        Decimal Bytes (Attributes)
--------------------------------        ----        ----        ------- ----- ------------
DATA                                00000001    0000000F =          15. bytes (REL,CON)

      Value  Global                              Global Defined In Module
      -----  --------------------------------   ------------------------
     00000001  _tick                              main
     00000007  _timeGet                           timerTick
     00000009  _timeBack                          timerTick
     0000000B  _timeTickMs                        timerTick
     0000000F  _timeTickUs                        timerTick

ASxxxx Linker V03.00 + NoICE + sdld,  page 3.
Hexadecimal  [32-Bits]

Area                                    Addr        Size        Decimal Bytes (Attributes)
--------------------------------        ----        ----        ------- ----- ------------
SSEG                                00000010    00000001 =           1. bytes (REL,CON)

      Value  Global                              Global Defined In Module
      -----  --------------------------------   ------------------------
ASxxxx Linker V03.00 + NoICE + sdld,  page 4.
Hexadecimal  [32-Bits]

Area                                    Addr        Size        Decimal Bytes (Attributes)
--------------------------------        ----        ----        ------- ----- ------------
HOME                                00008000    00000083 =         131. bytes (REL,CON)

      Value  Global                              Global Defined In Module
      -----  --------------------------------   ------------------------
ASxxxx Linker V03.00 + NoICE + sdld,  page 5.
Hexadecimal  [32-Bits]

Area                                    Addr        Size        Decimal Bytes (Attributes)
--------------------------------        ----        ----        ------- ----- ------------
GSINIT                              00008083    0000001A =          26. bytes (REL,CON)

      Value  Global                              Global Defined In Module
      -----  --------------------------------   ------------------------
ASxxxx Linker V03.00 + NoICE + sdld,  page 6.
Hexadecimal  [32-Bits]

Area                                    Addr        Size        Decimal Bytes (Attributes)
--------------------------------        ----        ----        ------- ----- ------------
GSFINAL                             0000809D    00000003 =           3. bytes (REL,CON)

      Value  Global                              Global Defined In Module
      -----  --------------------------------   ------------------------
ASxxxx Linker V03.00 + NoICE + sdld,  page 7.
Hexadecimal  [32-Bits]

Area                                    Addr        Size        Decimal Bytes (Attributes)
--------------------------------        ----        ----        ------- ----- ------------
CODE                                000080A0    000006D7 =        1751. bytes (REL,CON)

      Value  Global                              Global Defined In Module
      -----  --------------------------------   ------------------------
     000080A0  _clock_setup                       main
     00008110  _TIM4_UPD_OVF_IRQHandler           main
     0000811B  _delay                             main
     00008127  _main                              main
     00008131  _TIMER_Init                        timerTick
     00008164  _TIMER_Inc                         timerTick
     00008190  _TIMER_InitTime                    timerTick
     000081A0  _TIMER_CheckTimeUS                 timerTick
     000081E7  _TIMER_CheckTimeMS                 timerTick
     0000825D  _CLK_DeInit                        stm8s_clk
     00008295  _CLK_FastHaltWakeUpCmd             stm8s_clk
     000082A9  _CLK_HSECmd                        stm8s_clk
     000082B7  _CLK_HSICmd                        stm8s_clk
     000082C5  _CLK_LSICmd                        stm8s_clk
     000082D9  _CLK_CCOCmd                        stm8s_clk
     000082E7  _CLK_ClockSwitchCmd                stm8s_clk
     000082FB  _CLK_SlowActiveHaltWakeUpCmd       stm8s_clk
     0000830F  _CLK_PeripheralClockConfig         stm8s_clk
     00008365  _CLK_ClockSwitchConfig             stm8s_clk
     0000842A  _CLK_HSIPrescalerConfig            stm8s_clk
     0000843C  _CLK_CCOConfig                     stm8s_clk
     00008452  _CLK_ITConfig                      stm8s_clk
     000084A1  _CLK_SYSCLKConfig                  stm8s_clk
     000084D8  _CLK_SWIMConfig                    stm8s_clk
     000084E6  _CLK_ClockSecuritySystemEnable     stm8s_clk
     000084EB  _CLK_GetSYSCLKSource               stm8s_clk
     000084F0  _CLK_GetClockFreq                  stm8s_clk
     00008549  _CLK_AdjustHSICalibrationValue     stm8s_clk
     00008556  _CLK_SYSCLKEmergencyClear          stm8s_clk
     0000855B  _CLK_GetFlagStatus                 stm8s_clk
     000085A3  _CLK_GetITStatus                   stm8s_clk
     000085C7  _CLK_ClearITPendingBit             stm8s_clk
     000085DD  _HSIDivFactor                      stm8s_clk
     000085E1  _CLKPrescTable                     stm8s_clk
     000085E9  _GPIO_Init                         stm8s_gpio
     00008677  _GPIO_Write                        stm8s_gpio
     0000867D  _GPIO_WriteHigh                    stm8s_gpio
     00008684  _GPIO_WriteLow                     stm8s_gpio
     00008692  _GPIO_WriteReverse                 stm8s_gpio
     00008699  _GPIO_ReadOutputData               stm8s_gpio
     0000869D  _GPIO_ReadInputData                stm8s_gpio
     000086A2  _GPIO_ReadInputPin                 stm8s_gpio
     000086A9  _GPIO_ExternalPullUpConfig         stm8s_gpio
     000086C4  _TIM4_DeInit                       stm8s_tim4
     000086DD  _TIM4_TimeBaseInit                 stm8s_tim4
     000086EA  _TIM4_Cmd                          stm8s_tim4
     000086EF  _TIM4_ITConfig                     stm8s_tim4
     000086FA  _TIM4_GetCounter                   stm8s_tim4
     000086FF  _TIM4_GetFlagStatus                stm8s_tim4
     0000870D  _TIM4_ClearFlag                    stm8s_tim4
ASxxxx Linker V03.00 + NoICE + sdld,  page 8.
Hexadecimal  [32-Bits]

Area                                    Addr        Size        Decimal Bytes (Attributes)
--------------------------------        ----        ----        ------- ----- ------------
CODE                                000080A0    000006D7 =        1751. bytes (REL,CON)

      Value  Global                              Global Defined In Module
      -----  --------------------------------   ------------------------
     00008715  _TIM4_ClearITPendingBit            stm8s_tim4
     0000871D  __divulong                         

ASxxxx Linker V03.00 + NoICE + sdld,  page 9.

Files Linked                              [ module(s) ]

build/user/main.rel                       [ main ]
build/user/timerTick.rel                  [ timerTick ]
build/lib/stm8s_clk.rel                   [ stm8s_clk ]
build/lib/stm8s_gpio.rel                  [ stm8s_gpio ]
build/lib/stm8s_tim4.rel                  [ stm8s_tim4 ]


Libraries Linked                          [ object file ]

/usr/local/bin/../share/sdcc/lib/stm8/stm8.lib
                                          [ _divulong.rel ]

ASxxxx Linker V03.00 + NoICE + sdld,  page 10.

User Base Address Definitions

HOME = 0x8000
DATA = 0x0001

